INFO: [VRFC 10-2263] Analyzing SystemVerilog file "D:/code/e_design/SoC/MiniMIPS32_Lite_FullSyS.srcs/sources_1/new/BaudTickGen.sv" into library xil_defaultlib
INFO: [VRFC 10-311] analyzing module BaudTickGen
INFO: [VRFC 10-2263] Analyzing SystemVerilog file "D:/code/e_design/SoC/MiniMIPS32_Lite_FullSyS.srcs/sources_1/new/MiniMIPS32_Lite.sv" into library xil_defaultlib
INFO: [VRFC 10-311] analyzing module MiniMIPS32_Lite
INFO: [VRFC 10-2263] Analyzing SystemVerilog file "D:/code/e_design/SoC/MiniMIPS32_Lite_FullSyS.srcs/sources_1/new/MiniMIPS32_Lite_FullSyS.sv" into library xil_defaultlib
INFO: [VRFC 10-311] analyzing module MiniMIPS32_Lite_FullSyS
INFO: [VRFC 10-2263] Analyzing SystemVerilog file "D:/code/e_design/SoC/MiniMIPS32_Lite_FullSyS.srcs/sources_1/new/async_receiver.sv" into library xil_defaultlib
INFO: [VRFC 10-311] analyzing module async_receiver
INFO: [VRFC 10-2263] Analyzing SystemVerilog file "D:/code/e_design/SoC/MiniMIPS32_Lite_FullSyS.srcs/sources_1/new/async_transmitter.sv" into library xil_defaultlib
INFO: [VRFC 10-311] analyzing module async_transmitter
INFO: [VRFC 10-2263] Analyzing SystemVerilog file "D:/code/e_design/SoC/MiniMIPS32_Lite_FullSyS.srcs/sources_1/new/exe_stage.sv" into library xil_defaultlib
INFO: [VRFC 10-311] analyzing module exe_stage
INFO: [VRFC 10-2263] Analyzing SystemVerilog file "D:/code/e_design/SoC/MiniMIPS32_Lite_FullSyS.srcs/sources_1/new/exemem_reg.sv" into library xil_defaultlib
INFO: [VRFC 10-311] analyzing module exemem_reg
INFO: [VRFC 10-2263] Analyzing SystemVerilog file "D:/code/e_design/SoC/MiniMIPS32_Lite_FullSyS.srcs/sources_1/new/id_stage.sv" into library xil_defaultlib
INFO: [VRFC 10-311] analyzing module id_stage
INFO: [VRFC 10-2263] Analyzing SystemVerilog file "D:/code/e_design/SoC/MiniMIPS32_Lite_FullSyS.srcs/sources_1/new/idexe_reg.sv" into library xil_defaultlib
INFO: [VRFC 10-311] analyzing module idexe_reg
INFO: [VRFC 10-2263] Analyzing SystemVerilog file "D:/code/e_design/SoC/MiniMIPS32_Lite_FullSyS.srcs/sources_1/new/if_stage.sv" into library xil_defaultlib
INFO: [VRFC 10-311] analyzing module if_stage
INFO: [VRFC 10-2263] Analyzing SystemVerilog file "D:/code/e_design/SoC/MiniMIPS32_Lite_FullSyS.srcs/sources_1/new/ifid_reg.sv" into library xil_defaultlib
INFO: [VRFC 10-311] analyzing module ifid_reg
INFO: [VRFC 10-2263] Analyzing SystemVerilog file "D:/code/e_design/SoC/MiniMIPS32_Lite_FullSyS.srcs/sources_1/new/mem_stage.sv" into library xil_defaultlib
INFO: [VRFC 10-311] analyzing module mem_stage
INFO: [VRFC 10-2263] Analyzing SystemVerilog file "D:/code/e_design/SoC/MiniMIPS32_Lite_FullSyS.srcs/sources_1/new/memwb_reg.sv" into library xil_defaultlib
INFO: [VRFC 10-311] analyzing module memwb_reg
INFO: [VRFC 10-2263] Analyzing SystemVerilog file "D:/code/e_design/SoC/MiniMIPS32_Lite_FullSyS.srcs/sources_1/new/regfile.sv" into library xil_defaultlib
INFO: [VRFC 10-311] analyzing module regfile
INFO: [VRFC 10-2263] Analyzing SystemVerilog file "D:/code/e_design/SoC/MiniMIPS32_Lite_FullSyS.srcs/sources_1/new/wb_stage.sv" into library xil_defaultlib
INFO: [VRFC 10-311] analyzing module wb_stage
INFO: [VRFC 10-2263] Analyzing SystemVerilog file "D:/code/e_design/SoC/MiniMIPS32_Lite_FullSyS.srcs/sources_1/new/x7seg.sv" into library xil_defaultlib
INFO: [VRFC 10-311] analyzing module x7seg
INFO: [VRFC 10-311] analyzing module seg_decoder
INFO: [VRFC 10-2263] Analyzing SystemVerilog file "D:/code/e_design/SoC/MiniMIPS32_Lite_FullSyS.srcs/sim_1/new/tb_top.sv" into library xil_defaultlib
INFO: [VRFC 10-311] analyzing module tb_top
