Vivado Simulator 2018.3
Copyright 1986-1999, 2001-2018 Xilinx, Inc. All Rights Reserved.
Running: D:/Vivado/Vivado/2018.3/bin/unwrapped/win64.o/xelab.exe -wto d63848d882df4857b055eb34dc9e5c3a --incr --debug typical --relax --mt 2 -L dist_mem_gen_v8_0_12 -L xil_defaultlib -L xilinx_vip -L unisims_ver -L unimacro_ver -L secureip -L xpm --snapshot tb_top_behav xil_defaultlib.tb_top xil_defaultlib.glbl -log elaborate.log 
Using 2 slave threads.
Starting static elaboration
Completed static elaboration
Starting simulation data flow analysis
WARNING: [XSIM 43-4099] "D:/code/e_design/SoC/MiniMIPS32_Lite_FullSyS.srcs/sources_1/new/BaudTickGen.sv" Line 1. Module BaudTickGen(Baud=1000000,Oversampling=8) doesn't have a timescale but at least one module in design has a timescale.
WARNING: [XSIM 43-4099] "D:/code/e_design/SoC/MiniMIPS32_Lite_FullSyS.srcs/sources_1/new/BaudTickGen.sv" Line 1. Module BaudTickGen(Baud=1000000) doesn't have a timescale but at least one module in design has a timescale.
Completed simulation data flow analysis
Time Resolution for simulation is 1ps
Compiling module xil_defaultlib.seg_decoder
Compiling module xil_defaultlib.x7seg
Compiling module xil_defaultlib.if_stage
Compiling module xil_defaultlib.ifid_reg
Compiling module xil_defaultlib.id_stage
Compiling module xil_defaultlib.regfile
Compiling module xil_defaultlib.idexe_reg
Compiling module xil_defaultlib.exe_stage
Compiling module xil_defaultlib.exemem_reg
Compiling module xil_defaultlib.mem_stage
Compiling module xil_defaultlib.memwb_reg
Compiling module xil_defaultlib.wb_stage
Compiling module xil_defaultlib.MiniMIPS32_Lite
Compiling module dist_mem_gen_v8_0_12.dist_mem_gen_v8_0_12(C_FAMILY="z...
Compiling module xil_defaultlib.inst_rom
Compiling module dist_mem_gen_v8_0_12.dist_mem_gen_v8_0_12(C_FAMILY="z...
Compiling module xil_defaultlib.data_ram
Compiling module xil_defaultlib.BaudTickGen(Baud=1000000,Oversam...
Compiling module xil_defaultlib.async_receiver(Baud=1000000)
Compiling module xil_defaultlib.BaudTickGen(Baud=1000000)
Compiling module xil_defaultlib.async_transmitter(Baud=1000000)
Compiling module xil_defaultlib.MiniMIPS32_Lite_FullSyS
Compiling module xil_defaultlib.top
Compiling module xil_defaultlib.tb_top
Compiling module xil_defaultlib.glbl
Built simulation snapshot tb_top_behav
